// Jest Snapshot v1, https://goo.gl/fbAQLP

exports[`matches snapshot 1`] = `
<div
  className="sans-serif"
>
  <p>
    Hello from app component!
  </p>
</div>
`;
