// Jest Snapshot v1, https://goo.gl/fbAQLP

exports[`ForgotPassword component matches snapshot  1`] = `
ShallowWrapper {
  "length": 1,
  Symbol(enzyme.__root__): [Circular],
  Symbol(enzyme.__unrendered__): <C />,
  Symbol(enzyme.__renderer__): Object {
    "batchedUpdates": [Function],
    "getNode": [Function],
    "render": [Function],
    "simulateEvent": [Function],
    "unmount": [Function],
  },
  Symbol(enzyme.__node__): Object {
    "instance": null,
    "key": undefined,
    "nodeType": "class",
    "props": Object {
      "enableReinitialize": false,
      "handleSubmit": [Function],
      "initialValues": Object {
        "email": "",
      },
      "isInitialValid": false,
      "onSubmit": [Function],
      "render": [Function],
      "validate": undefined,
      "validateOnBlur": true,
      "validateOnChange": true,
      "validationSchema": [Function],
    },
    "ref": null,
    "rendered": null,
    "type": [Function],
  },
  Symbol(enzyme.__nodes__): Array [
    Object {
      "instance": null,
      "key": undefined,
      "nodeType": "class",
      "props": Object {
        "enableReinitialize": false,
        "handleSubmit": [Function],
        "initialValues": Object {
          "email": "",
        },
        "isInitialValid": false,
        "onSubmit": [Function],
        "render": [Function],
        "validate": undefined,
        "validateOnBlur": true,
        "validateOnChange": true,
        "validationSchema": [Function],
      },
      "ref": null,
      "rendered": null,
      "type": [Function],
    },
  ],
  Symbol(enzyme.__options__): Object {
    "adapter": ReactSixteenAdapter {
      "options": Object {
        "enableComponentDidUpdateOnSetState": true,
      },
    },
  },
}
`;
